  Γû▓ Next.js 14.2.35

   Creating an optimized production build ...
 Γ£ô Compiled successfully
   Linting and checking validity of types ...
   Collecting page data ...
node.exe : Error: Please define the MONGO_URI environment variable
At line:1 char:1
+ & "C:\Program Files\nodejs/node.exe" "C:\Program Files\nodejs/node_mo ...
+ ~~~~~~~~~~~~~~~~~~~~~~~~~~~~~~~~~~~~~~~~~~~~~~~~~~~~~~~~~~~~~~~~~~~~~
    + CategoryInfo          : NotSpecified: (Error: Please d...onment variable:String) [], RemoteException
    + FullyQualifiedErrorId : NativeCommandError
 
    at 16385 
(C:\Users\ismai\.gemini\antigravity\scratch\glass-qc-system\frontend\.next\server\app\api\auth\login\route.js:1:1799)
    at t (C:\Users\ismai\.gemini\antigravity\scratch\glass-qc-system\frontend\.next\server\webpack-runtime.js:1:142)
    at 67756 
(C:\Users\ismai\.gemini\antigravity\scratch\glass-qc-system\frontend\.next\server\app\api\auth\login\route.js:1:688)
    at t (C:\Users\ismai\.gemini\antigravity\scratch\glass-qc-system\frontend\.next\server\webpack-runtime.js:1:142)
    at t 
(C:\Users\ismai\.gemini\antigravity\scratch\glass-qc-system\frontend\.next\server\app\api\auth\login\route.js:1:2845)
    at 
C:\Users\ismai\.gemini\antigravity\scratch\glass-qc-system\frontend\.next\server\app\api\auth\login\route.js:1:2875
    at t.X (C:\Users\ismai\.gemini\antigravity\scratch\glass-qc-system\frontend\.next\server\webpack-runtime.js:1:1270)
    at 
C:\Users\ismai\.gemini\antigravity\scratch\glass-qc-system\frontend\.next\server\app\api\auth\login\route.js:1:2858
    at Object.<anonymous> 
(C:\Users\ismai\.gemini\antigravity\scratch\glass-qc-system\frontend\.next\server\app\api\auth\login\route.js:1:2903)
    at Module._compile (node:internal/modules/cjs/loader:1688:14)

> Build error occurred
Error: Failed to collect page data for /api/auth/login
    at 
C:\Users\ismai\.gemini\antigravity\scratch\glass-qc-system\frontend\node_modules\next\dist\build\utils.js:1269:15
    at process.processTicksAndRejections (node:internal/process/task_queues:105:5) {
  type: 'Error'
}
